shop\MainGUI$18.class
shop\MainGUI$3.class
shop\Main.class
shop\MainGUI$12.class
shop\Products\Trousers.class
shop\Products\ProductFactory.class
shop\Products\Skirt.class
shop\MainGUI$20.class
shop\MainGUI$15.class
shop\MainGUI$5.class
shop\Products\Makeup.class
shop\MainGUI$23.class
shop\Products\ColorChanger.class
Database\DatabaseConnection.class
shop\MainGUI$16.class
Database\DatabaseSelect$Builder.class
shop\Products\ProductChanger.class
shop\MainGUI$22.class
shop\Products\SkinCare.class
shop\Products\Phone.class
shop\MainGUI$17.class
shop\MainGUI$6.class
shop\Products\HairCare.class
shop\MainGUI$10.class
shop\Categories\Category.class
shop\MainGUI$21.class
shop\MainGUI$11.class
shop\Products\Jacket.class
shop\MainGUI$7.class
shop\Products\Television.class
shop\MainGUI$24.class
shop\Products\KTrousers.class
shop\MainGUI$14.class
Database\DatabaseSelect.class
shop\MainGUI$1.class
shop\MainGUI$4.class
shop\MainGUI$13.class
shop\MainGUI$2.class
shop\Products\TShirt.class
shop\MainGUI$19.class
shop\MainGUI$8.class
shop\Products\Product.class
shop\MainGUI.class
shop\Products\Headset.class
shop\Products\Dress.class
shop\MainGUI$9.class
