E:\Work\FrLa\Java\4\code\Shop\src\main\java\shop\Products\Phone.java
E:\Work\FrLa\Java\4\code\Shop\src\main\java\shop\Products\Dress.java
E:\Work\FrLa\Java\4\code\Shop\src\main\java\Database\DatabaseSelect.java
E:\Work\FrLa\Java\4\code\Shop\src\main\java\Database\DatabaseConnection.java
E:\Work\FrLa\Java\4\code\Shop\src\main\java\shop\Main.java
E:\Work\FrLa\Java\4\code\Shop\src\main\java\shop\Products\Jacket.java
E:\Work\FrLa\Java\4\code\Shop\src\main\java\shop\Products\ProductFactory.java
E:\Work\FrLa\Java\4\code\Shop\src\main\java\shop\Products\Product.java
E:\Work\FrLa\Java\4\code\Shop\src\main\java\shop\Products\Trousers.java
E:\Work\FrLa\Java\4\code\Shop\src\main\java\shop\Products\SkinCare.java
E:\Work\FrLa\Java\4\code\Shop\src\main\java\shop\Products\Headset.java
E:\Work\FrLa\Java\4\code\Shop\src\main\java\shop\Products\Television.java
E:\Work\FrLa\Java\4\code\Shop\src\main\java\shop\Categories\Category.java
E:\Work\FrLa\Java\4\code\Shop\src\main\java\shop\Products\ProductChanger.java
E:\Work\FrLa\Java\4\code\Shop\src\main\java\shop\Products\Makeup.java
E:\Work\FrLa\Java\4\code\Shop\src\main\java\shop\Products\HairCare.java
E:\Work\FrLa\Java\4\code\Shop\src\main\java\shop\Products\KTrousers.java
E:\Work\FrLa\Java\4\code\Shop\src\main\java\shop\Products\Skirt.java
E:\Work\FrLa\Java\4\code\Shop\src\main\java\shop\Products\TShirt.java
E:\Work\FrLa\Java\4\code\Shop\src\main\java\shop\MainGUI.java
E:\Work\FrLa\Java\4\code\Shop\src\main\java\shop\Products\ColorChanger.java
